Screen.hpp:104:18:virtual void touchgfx::Screen::afterTransition()	0	static
Screen.hpp:144:18:virtual void touchgfx::Screen::handleTickEvent()	0	static
Screen.hpp:154:18:virtual void touchgfx::Screen::handleKeyEvent(uint8_t)	0	static
MainView.cpp:13:6:virtual void MainView::tearDownScreen()	0	static
MainView.hpp:11:13:MainView::~MainView()	8	static
MainView.hpp:11:13:virtual MainView::~MainView()	8	static
MainView.cpp:3:1:MainView::MainView()	8	static
MainView.cpp:8:6:virtual void MainView::setupScreen()	0	static
MainView.cpp:18:6:virtual void MainView::set_new_value(int)	8	static
