C:/TouchGFXProjects/TUfast_2.0/Core/Src/app_freertos.c:133:6:vApplicationMallocFailedHook	4	static
C:/TouchGFXProjects/TUfast_2.0/Core/Src/app_freertos.c:149:6:vApplicationIdleHook	4	static
C:/TouchGFXProjects/TUfast_2.0/Core/Src/app_freertos.c:164:6:vApplicationStackOverflowHook	16	static
C:/TouchGFXProjects/TUfast_2.0/Core/Src/app_freertos.c:177:6:MX_FREERTOS_Init	8	static
C:/TouchGFXProjects/TUfast_2.0/Core/Src/app_freertos.c:231:6:StartDefaultTask	16	static
C:/TouchGFXProjects/TUfast_2.0/Core/Src/app_freertos.c:284:6:test_task_func	16	static
C:/TouchGFXProjects/TUfast_2.0/Core/Src/app_freertos.c:322:6:button_task	16	static
