C:/TouchGFXProjects/TUfast_2.0/Core/Src/fdcan.c:39:6:MX_FDCAN1_Init	8	static
C:/TouchGFXProjects/TUfast_2.0/Core/Src/fdcan.c:77:6:HAL_FDCAN_MspInit	272	static
C:/TouchGFXProjects/TUfast_2.0/Core/Src/fdcan.c:121:6:HAL_FDCAN_MspDeInit	16	static
C:/TouchGFXProjects/TUfast_2.0/Core/Src/fdcan.c:147:6:BSP_CAN_Start	8	static
C:/TouchGFXProjects/TUfast_2.0/Core/Src/fdcan.c:169:6:BSP_CAN_Filter_Config	40	static
C:/TouchGFXProjects/TUfast_2.0/Core/Src/fdcan.c:197:6:BSP_CAN_Send_Message	24	static
C:/TouchGFXProjects/TUfast_2.0/Core/Src/fdcan.c:224:6:HAL_FDCAN_RxFifo0Callback	16	static
