C:/TouchGFXProjects/TUfast_2.0/Core/Src/main.c:134:5:main	8	static
C:/TouchGFXProjects/TUfast_2.0/Core/Src/main.c:243:6:SystemClock_Config	128	static
C:/TouchGFXProjects/TUfast_2.0/Core/Src/main.c:312:6:PeriphCommonClock_Config	4	static
C:/TouchGFXProjects/TUfast_2.0/Core/Src/main.c:320:13:SystemPower_Config	16	static
C:/TouchGFXProjects/TUfast_2.0/Core/Src/main.c:358:13:MX_NVIC_Init	8	static
C:/TouchGFXProjects/TUfast_2.0/Core/Src/main.c:377:6:HAL_TIM_PeriodElapsedCallback	16	static
C:/TouchGFXProjects/TUfast_2.0/Core/Src/main.c:394:6:Error_Handler	4	static,ignoring_inline_asm
