C:/TouchGFXProjects/TUfast_2.0/Core/Src/main.c:129:5:main	8	static
C:/TouchGFXProjects/TUfast_2.0/Core/Src/main.c:238:6:SystemClock_Config	128	static
C:/TouchGFXProjects/TUfast_2.0/Core/Src/main.c:307:6:PeriphCommonClock_Config	4	static
C:/TouchGFXProjects/TUfast_2.0/Core/Src/main.c:315:13:SystemPower_Config	16	static
C:/TouchGFXProjects/TUfast_2.0/Core/Src/main.c:353:13:MX_NVIC_Init	8	static
C:/TouchGFXProjects/TUfast_2.0/Core/Src/main.c:372:6:HAL_TIM_PeriodElapsedCallback	16	static
C:/TouchGFXProjects/TUfast_2.0/Core/Src/main.c:389:6:Error_Handler	4	static,ignoring_inline_asm
