../../Middlewares/ST/touchgfx/framework/include/mvp/Presenter.hpp:37:18:virtual void touchgfx::Presenter::activate()	16	static
../../Middlewares/ST/touchgfx/framework/include/mvp/Presenter.hpp:47:18:virtual void touchgfx::Presenter::deactivate()	16	static
../../Middlewares/ST/touchgfx/framework/include/mvp/Presenter.hpp:52:13:touchgfx::Presenter::~Presenter()	16	static
../../Middlewares/ST/touchgfx/framework/include/mvp/Presenter.hpp:52:13:virtual touchgfx::Presenter::~Presenter()	16	static
../../Middlewares/ST/touchgfx/framework/include/mvp/Presenter.hpp:58:5:touchgfx::Presenter::Presenter()	16	static
../../TouchGFX/gui/include/gui/model/ModelListener.hpp:13:5:ModelListener::ModelListener()	16	static
../../TouchGFX/gui/include/gui/model/ModelListener.hpp:15:13:ModelListener::~ModelListener()	16	static
../../TouchGFX/gui/include/gui/model/ModelListener.hpp:15:13:virtual ModelListener::~ModelListener()	16	static
../../TouchGFX/gui/include/gui/model/ModelListener.hpp:22:18:virtual void ModelListener::set_current_screen(Model::Screen)	16	static
../../TouchGFX/gui/include/gui/model/ModelListener.hpp:23:18:virtual void ModelListener::request_mission(uint8_t)	16	static
../../TouchGFX/gui/include/gui/model/ModelListener.hpp:25:18:virtual void ModelListener::set_new_value(int)	16	static
../../TouchGFX/gui/include/gui/model/ModelListener.hpp:26:18:virtual void ModelListener::set_basicinfo(DASHBOARD_BASICINFO)	16	static
../../TouchGFX/gui/include/gui/model/ModelListener.hpp:28:18:virtual void ModelListener::button_action(int8_t)	16	static
../../TouchGFX/gui/include/gui/model/ModelListener.hpp:29:18:virtual void ModelListener::confirm_mission()	16	static
../../TouchGFX/gui/include/gui/mission_selection_screen/Mission_SelectionPresenter.hpp:28:13:Mission_SelectionPresenter::~Mission_SelectionPresenter()	16	static
../../TouchGFX/gui/include/gui/mission_selection_screen/Mission_SelectionPresenter.hpp:28:13:virtual Mission_SelectionPresenter::~Mission_SelectionPresenter()	16	static
C:/TouchGFXProjects/TUfast_2.0/TouchGFX/gui/src/mission_selection_screen/Mission_SelectionPresenter.cpp:4:1:Mission_SelectionPresenter::Mission_SelectionPresenter(Mission_SelectionView&)	16	static
C:/TouchGFXProjects/TUfast_2.0/TouchGFX/gui/src/mission_selection_screen/Mission_SelectionPresenter.cpp:10:6:virtual void Mission_SelectionPresenter::activate()	16	static
C:/TouchGFXProjects/TUfast_2.0/TouchGFX/gui/src/mission_selection_screen/Mission_SelectionPresenter.cpp:15:6:virtual void Mission_SelectionPresenter::deactivate()	16	static
C:/TouchGFXProjects/TUfast_2.0/TouchGFX/gui/src/mission_selection_screen/Mission_SelectionPresenter.cpp:20:6:virtual void Mission_SelectionPresenter::set_current_screen(Model::Screen)	16	static
C:/TouchGFXProjects/TUfast_2.0/TouchGFX/gui/src/mission_selection_screen/Mission_SelectionPresenter.cpp:25:6:virtual void Mission_SelectionPresenter::request_mission(uint8_t)	16	static
C:/TouchGFXProjects/TUfast_2.0/TouchGFX/gui/src/mission_selection_screen/Mission_SelectionPresenter.cpp:30:6:virtual void Mission_SelectionPresenter::button_action(int8_t)	16	static
C:/TouchGFXProjects/TUfast_2.0/TouchGFX/gui/src/mission_selection_screen/Mission_SelectionPresenter.cpp:35:6:virtual void Mission_SelectionPresenter::confirm_mission()	16	static
