../../Middlewares/ST/touchgfx/framework/include/mvp/Presenter.hpp:37:18:virtual void touchgfx::Presenter::activate()	16	static
../../Middlewares/ST/touchgfx/framework/include/mvp/Presenter.hpp:47:18:virtual void touchgfx::Presenter::deactivate()	16	static
../../Middlewares/ST/touchgfx/framework/include/mvp/Presenter.hpp:52:13:touchgfx::Presenter::~Presenter()	16	static
../../Middlewares/ST/touchgfx/framework/include/mvp/Presenter.hpp:52:13:virtual touchgfx::Presenter::~Presenter()	16	static
../../Middlewares/ST/touchgfx/framework/include/mvp/Presenter.hpp:58:5:touchgfx::Presenter::Presenter()	16	static
../../TouchGFX/gui/include/gui/model/ModelListener.hpp:13:5:ModelListener::ModelListener()	16	static
../../TouchGFX/gui/include/gui/model/ModelListener.hpp:15:13:ModelListener::~ModelListener()	16	static
../../TouchGFX/gui/include/gui/model/ModelListener.hpp:15:13:virtual ModelListener::~ModelListener()	16	static
../../TouchGFX/gui/include/gui/model/ModelListener.hpp:22:18:virtual void ModelListener::set_current_screen(Model::Screen)	16	static
../../TouchGFX/gui/include/gui/model/ModelListener.hpp:23:18:virtual void ModelListener::request_mission(uint8_t)	16	static
../../TouchGFX/gui/include/gui/model/ModelListener.hpp:25:18:virtual void ModelListener::set_new_value(int)	16	static
../../TouchGFX/gui/include/gui/model/ModelListener.hpp:26:18:virtual void ModelListener::set_basicinfo(DASHBOARD_BASICINFO)	16	static
../../TouchGFX/gui/include/gui/model/ModelListener.hpp:28:18:virtual void ModelListener::button_action(int8_t)	16	static
../../TouchGFX/gui/include/gui/model/ModelListener.hpp:29:18:virtual void ModelListener::confirm_mission()	16	static
../../TouchGFX/gui/include/gui/precharge_screen/PrechargePresenter.hpp:28:13:PrechargePresenter::~PrechargePresenter()	16	static
../../TouchGFX/gui/include/gui/precharge_screen/PrechargePresenter.hpp:28:13:virtual PrechargePresenter::~PrechargePresenter()	16	static
C:/TouchGFXProjects/TUfast_2.0/TouchGFX/gui/src/precharge_screen/PrechargePresenter.cpp:4:1:PrechargePresenter::PrechargePresenter(PrechargeView&)	16	static
C:/TouchGFXProjects/TUfast_2.0/TouchGFX/gui/src/precharge_screen/PrechargePresenter.cpp:10:6:virtual void PrechargePresenter::activate()	16	static
C:/TouchGFXProjects/TUfast_2.0/TouchGFX/gui/src/precharge_screen/PrechargePresenter.cpp:15:6:virtual void PrechargePresenter::deactivate()	16	static
